
> my-v0-project@0.1.0 dev
> next dev

 ⚠ Invalid next.config.mjs options detected: 
 ⚠     Unrecognized key(s) in object: 'swcMinify'
 ⚠ See more info here: https://nextjs.org/docs/messages/invalid-next-config
   ▲ Next.js 15.5.2
   - Local:        http://localhost:3000
   - Network:      http://192.168.1.116:3000

 ✓ Starting...
 ✓ Ready in 1688ms
 ✓ Compiled /middleware in 129ms (114 modules)
Development mode: Allowing curl request to /sports-club
Suspicious header detected from ::1: x-forwarded-host
Suspicious header detected from ::1: x-forwarded-proto
Suspicious header detected from ::1: x-forwarded-for
 ○ Compiling /sports-club ...
 ✓ Compiled /sports-club in 4.5s (1352 modules)
 HEAD /sports-club 200 in 5203ms
LibreTranslate service not available, using mock service
 ✓ Compiled in 988ms (608 modules)
 ✓ Compiled in 888ms (1352 modules)
 ✓ Compiled in 819ms (608 modules)
Suspicious header detected from ::1: x-forwarded-host
Suspicious header detected from ::1: x-forwarded-proto
Suspicious header detected from ::1: x-forwarded-for
 ✓ Compiled /sports-club in 220ms (744 modules)
LibreTranslate service not available, using mock service
Suspicious header detected from ::1: x-forwarded-host
Suspicious header detected from ::1: x-forwarded-proto
Suspicious header detected from ::1: x-forwarded-for
 GET /sports-club 200 in 742ms
 ✓ Compiled in 903ms (1352 modules)
Suspicious header detected from ::1: x-forwarded-host
Suspicious header detected from ::1: x-forwarded-proto
Suspicious header detected from ::1: x-forwarded-for
 GET /sports-club 200 in 109ms
 ✓ Compiled in 851ms (1352 modules)
Suspicious header detected from ::1: x-forwarded-host
Suspicious header detected from ::1: x-forwarded-proto
Suspicious header detected from ::1: x-forwarded-for
 GET /sports-club 200 in 78ms
 ✓ Compiled in 1511ms (1354 modules)
Suspicious header detected from ::1: x-forwarded-host
Suspicious header detected from ::1: x-forwarded-proto
Suspicious header detected from ::1: x-forwarded-for
 GET /sports-club 200 in 120ms
 ✓ Compiled in 871ms (1354 modules)
Suspicious header detected from ::1: x-forwarded-host
Suspicious header detected from ::1: x-forwarded-proto
Suspicious header detected from ::1: x-forwarded-for
 GET /sports-club 200 in 109ms
 ✓ Compiled in 989ms (1354 modules)
Suspicious header detected from ::1: x-forwarded-host
Suspicious header detected from ::1: x-forwarded-proto
Suspicious header detected from ::1: x-forwarded-for
 GET /sports-club 200 in 118ms
 ✓ Compiled in 937ms (1354 modules)
Suspicious header detected from ::1: x-forwarded-host
Suspicious header detected from ::1: x-forwarded-proto
Suspicious header detected from ::1: x-forwarded-for
 GET /sports-club 200 in 84ms
 ✓ Compiled in 1166ms (1354 modules)
Suspicious header detected from ::1: x-forwarded-host
Suspicious header detected from ::1: x-forwarded-proto
Suspicious header detected from ::1: x-forwarded-for
 GET /sports-club 200 in 147ms
 ✓ Compiled in 965ms (1354 modules)
Suspicious header detected from ::1: x-forwarded-host
Suspicious header detected from ::1: x-forwarded-proto
Suspicious header detected from ::1: x-forwarded-for
 GET /sports-club 200 in 90ms
Suspicious header detected from ::1: x-forwarded-host
Suspicious header detected from ::1: x-forwarded-proto
Suspicious header detected from ::1: x-forwarded-for
 ○ Compiling /events ...
 ✓ Compiled /events in 860ms (1381 modules)
 GET /events 200 in 969ms
Suspicious header detected from ::1: x-forwarded-host
Suspicious header detected from ::1: x-forwarded-proto
Suspicious header detected from ::1: x-forwarded-for
 GET /events 200 in 42ms
 ✓ Compiled in 1138ms (1395 modules)
Suspicious header detected from ::1: x-forwarded-host
Suspicious header detected from ::1: x-forwarded-proto
Suspicious header detected from ::1: x-forwarded-for
 GET /events 200 in 82ms
Development mode: Allowing curl request to /sports-club
Suspicious header detected from ::1: x-forwarded-host
Suspicious header detected from ::1: x-forwarded-proto
Suspicious header detected from ::1: x-forwarded-for
 HEAD /sports-club 200 in 433ms
LibreTranslate service not available, using mock service
Suspicious header detected from ::1: x-forwarded-host
Suspicious header detected from ::1: x-forwarded-proto
Suspicious header detected from ::1: x-forwarded-for
 GET /events 200 in 392ms
 ✓ Compiled in 1356ms (1509 modules)
 ✓ Compiled in 1757ms (1395 modules)
Development mode: Allowing curl request to /sports-club/community-standards
Suspicious header detected from ::1: x-forwarded-host
Suspicious header detected from ::1: x-forwarded-proto
Suspicious header detected from ::1: x-forwarded-for
 ○ Compiling /sports-club/community-standards ...
 ✓ Compiled /sports-club/community-standards in 844ms (1392 modules)
 HEAD /sports-club/community-standards 200 in 1240ms
LibreTranslate service not available, using mock service
Suspicious header detected from ::1: x-forwarded-host
Suspicious header detected from ::1: x-forwarded-proto
Suspicious header detected from ::1: x-forwarded-for
 GET /sports-club 200 in 65ms
Suspicious header detected from ::1: x-forwarded-host
Suspicious header detected from ::1: x-forwarded-proto
Suspicious header detected from ::1: x-forwarded-for
 GET /sports-club 200 in 91ms
Suspicious header detected from ::1: x-forwarded-host
Suspicious header detected from ::1: x-forwarded-proto
Suspicious header detected from ::1: x-forwarded-for
 GET /sports-club 200 in 51ms
 ✓ Compiled in 695ms (1406 modules)
Suspicious header detected from ::1: x-forwarded-host
Suspicious header detected from ::1: x-forwarded-proto
Suspicious header detected from ::1: x-forwarded-for
 GET /sports-club 200 in 99ms
 ✓ Compiled in 390ms (632 modules)
Suspicious header detected from ::1: x-forwarded-host
Suspicious header detected from ::1: x-forwarded-proto
Suspicious header detected from ::1: x-forwarded-for
 GET /events 200 in 96ms
 ✓ Compiled in 477ms (632 modules)
Suspicious header detected from ::1: x-forwarded-host
Suspicious header detected from ::1: x-forwarded-proto
Suspicious header detected from ::1: x-forwarded-for
 GET /events 200 in 131ms
 ✓ Compiled in 574ms (632 modules)
Suspicious header detected from ::1: x-forwarded-host
Suspicious header detected from ::1: x-forwarded-proto
Suspicious header detected from ::1: x-forwarded-for
 GET /events 200 in 160ms
 ✓ Compiled in 869ms (632 modules)
Suspicious header detected from ::1: x-forwarded-host
Suspicious header detected from ::1: x-forwarded-proto
Suspicious header detected from ::1: x-forwarded-for
 GET /events 200 in 120ms
 ✓ Compiled in 1418ms (1399 modules)
Suspicious header detected from ::1: x-forwarded-host
Suspicious header detected from ::1: x-forwarded-proto
Suspicious header detected from ::1: x-forwarded-for
 GET /events 200 in 168ms
 ✓ Compiled in 688ms (1399 modules)
Suspicious header detected from ::1: x-forwarded-host
Suspicious header detected from ::1: x-forwarded-proto
Suspicious header detected from ::1: x-forwarded-for
 GET /events 200 in 219ms
 ⨯ ./components/sports-club/create-event-form.tsx
Error:   [31mx[0m Unexpected token. Did you mean `{'}'}` or `&rbrace;`?
     ,-[[36;1;4m/Users/arulv97/Downloads/Growthlab Final update /components/sports-club/create-event-form.tsx[0m:276:1]
 [2m273[0m |       </div>
 [2m274[0m |     </form>
 [2m275[0m |   )
 [2m276[0m | }
     : [35;1m^[0m
     `----
  [31mx[0m Unexpected eof
     ,-[[36;1;4m/Users/arulv97/Downloads/Growthlab Final update /components/sports-club/create-event-form.tsx[0m:276:3]
 [2m274[0m |     </form>
 [2m275[0m |   )
 [2m276[0m | }
     `----

Caused by:
    Syntax Error

Import trace for requested module:
./components/sports-club/create-event-form.tsx
./app/sports-club/page.tsx
 ✓ Compiled in 1478ms (1403 modules)
Suspicious header detected from ::1: x-forwarded-host
Suspicious header detected from ::1: x-forwarded-proto
Suspicious header detected from ::1: x-forwarded-for
 GET /events 200 in 99ms
 ✓ Compiled in 1502ms (1403 modules)
Suspicious header detected from ::1: x-forwarded-host
Suspicious header detected from ::1: x-forwarded-proto
Suspicious header detected from ::1: x-forwarded-for
 GET /events 200 in 130ms
 ✓ Compiled in 908ms (1403 modules)
Suspicious header detected from ::1: x-forwarded-host
Suspicious header detected from ::1: x-forwarded-proto
Suspicious header detected from ::1: x-forwarded-for
 GET /events 200 in 267ms
 ✓ Compiled in 1356ms (1403 modules)
Suspicious header detected from ::1: x-forwarded-host
Suspicious header detected from ::1: x-forwarded-proto
Suspicious header detected from ::1: x-forwarded-for
 GET /events 200 in 92ms
 ✓ Compiled in 1409ms (1403 modules)
Suspicious header detected from ::1: x-forwarded-host
Suspicious header detected from ::1: x-forwarded-proto
Suspicious header detected from ::1: x-forwarded-for
 GET /events 200 in 120ms
 ✓ Compiled in 1729ms (1416 modules)
Suspicious header detected from ::1: x-forwarded-host
Suspicious header detected from ::1: x-forwarded-proto
Suspicious header detected from ::1: x-forwarded-for
 GET /events 200 in 156ms
 ✓ Compiled in 867ms (1416 modules)
Suspicious header detected from ::1: x-forwarded-host
Suspicious header detected from ::1: x-forwarded-proto
Suspicious header detected from ::1: x-forwarded-for
 GET /events 200 in 134ms
 ✓ Compiled in 748ms (1416 modules)
Suspicious header detected from ::1: x-forwarded-host
Suspicious header detected from ::1: x-forwarded-proto
Suspicious header detected from ::1: x-forwarded-for
 GET /events 200 in 223ms
 ✓ Compiled in 686ms (1416 modules)
Suspicious header detected from ::1: x-forwarded-host
Suspicious header detected from ::1: x-forwarded-proto
Suspicious header detected from ::1: x-forwarded-for
 GET /events 200 in 282ms
 ✓ Compiled in 1445ms (1416 modules)
Suspicious header detected from ::1: x-forwarded-host
Suspicious header detected from ::1: x-forwarded-proto
Suspicious header detected from ::1: x-forwarded-for
 GET /events 200 in 92ms
 ✓ Compiled in 1438ms (1416 modules)
Suspicious header detected from ::1: x-forwarded-host
Suspicious header detected from ::1: x-forwarded-proto
Suspicious header detected from ::1: x-forwarded-for
 GET /events 200 in 74ms
 ✓ Compiled in 1378ms (640 modules)
Suspicious header detected from ::1: x-forwarded-host
Suspicious header detected from ::1: x-forwarded-proto
Suspicious header detected from ::1: x-forwarded-for
 ✓ Compiled in 393ms (640 modules)
 GET /events 200 in 366ms
Suspicious header detected from ::1: x-forwarded-host
Suspicious header detected from ::1: x-forwarded-proto
Suspicious header detected from ::1: x-forwarded-for
 GET /events 200 in 54ms
 ✓ Compiled in 984ms (1416 modules)
Suspicious header detected from ::1: x-forwarded-host
Suspicious header detected from ::1: x-forwarded-proto
Suspicious header detected from ::1: x-forwarded-for
 GET /events 200 in 133ms
 ✓ Compiled in 1388ms (1416 modules)
Suspicious header detected from ::1: x-forwarded-host
Suspicious header detected from ::1: x-forwarded-proto
Suspicious header detected from ::1: x-forwarded-for
 GET /events 200 in 69ms
 ✓ Compiled in 612ms (1416 modules)
Suspicious header detected from ::1: x-forwarded-host
Suspicious header detected from ::1: x-forwarded-proto
Suspicious header detected from ::1: x-forwarded-for
 GET /events 200 in 327ms
 ✓ Compiled in 1273ms (1416 modules)
Suspicious header detected from ::1: x-forwarded-host
Suspicious header detected from ::1: x-forwarded-proto
Suspicious header detected from ::1: x-forwarded-for
 GET /events 200 in 62ms
 ✓ Compiled in 1355ms (1416 modules)
Suspicious header detected from ::1: x-forwarded-host
Suspicious header detected from ::1: x-forwarded-proto
Suspicious header detected from ::1: x-forwarded-for
 GET /events 200 in 84ms
 ✓ Compiled in 1786ms (1416 modules)
Suspicious header detected from ::1: x-forwarded-host
Suspicious header detected from ::1: x-forwarded-proto
Suspicious header detected from ::1: x-forwarded-for
 GET /events 200 in 149ms
 ⨯ ./app/events/page.tsx
Module parse failed: Identifier 'CheckCircle' has already been declared (19:171)
| import { useToast } from "@/components/ui/use-toast";
| import Link from "next/link";
> import { Search, Filter, ChevronLeft, MoreHorizontal, Heart, Share2, X, AlertTriangle, Settings, Bell, CreditCard, DollarSign, CheckCircle, QrCode, Calendar, Clock, Star, CheckCircle, BarChart3 } from "__barrel_optimize__?names=AlertTriangle,BarChart3,Bell,Calendar,CheckCircle,ChevronLeft,Clock,CreditCard,DollarSign,Filter,Heart,MoreHorizontal,QrCode,Search,Settings,Share2,Star,X!=!lucide-react";
| function EventsPageContent() {
|     _s();

Import trace for requested module:
./app/events/page.tsx
 ⨯ ./app/events/page.tsx
Module parse failed: Identifier 'CheckCircle' has already been declared (22:171)
| import { useToast } from "@/components/ui/use-toast";
| import Link from "next/link";
> import { Search, Filter, ChevronLeft, MoreHorizontal, Heart, Share2, X, AlertTriangle, Settings, Bell, CreditCard, DollarSign, CheckCircle, QrCode, Calendar, Clock, Star, CheckCircle, BarChart3 } from "__barrel_optimize__?names=AlertTriangle,BarChart3,Bell,Calendar,CheckCircle,ChevronLeft,Clock,CreditCard,DollarSign,Filter,Heart,MoreHorizontal,QrCode,Search,Settings,Share2,Star,X!=!lucide-react";
| function EventsPageContent() {
|     _s();

Import trace for requested module:
./app/events/page.tsx
 ⨯ ./app/events/page.tsx
Module parse failed: Identifier 'CheckCircle' has already been declared (23:171)
| import { useToast } from "@/components/ui/use-toast";
| import Link from "next/link";
> import { Search, Filter, ChevronLeft, MoreHorizontal, Heart, Share2, X, AlertTriangle, Settings, Bell, CreditCard, DollarSign, CheckCircle, QrCode, Calendar, Clock, Star, CheckCircle, BarChart3 } from "__barrel_optimize__?names=AlertTriangle,BarChart3,Bell,Calendar,CheckCircle,ChevronLeft,Clock,CreditCard,DollarSign,Filter,Heart,MoreHorizontal,QrCode,Search,Settings,Share2,Star,X!=!lucide-react";
| function EventsPageContent() {
|     _s();

Import trace for requested module:
./app/events/page.tsx
 ✓ Compiled in 983ms (1416 modules)
Suspicious header detected from ::1: x-forwarded-host
Suspicious header detected from ::1: x-forwarded-proto
Suspicious header detected from ::1: x-forwarded-for
 GET /events 200 in 335ms
 ✓ Compiled in 1534ms (1416 modules)
Suspicious header detected from ::1: x-forwarded-host
Suspicious header detected from ::1: x-forwarded-proto
Suspicious header detected from ::1: x-forwarded-for
 GET /events 200 in 115ms
 ✓ Compiled in 771ms (1416 modules)
Suspicious header detected from ::1: x-forwarded-host
Suspicious header detected from ::1: x-forwarded-proto
Suspicious header detected from ::1: x-forwarded-for
 GET /events 200 in 122ms
 ✓ Compiled in 868ms (1416 modules)
Suspicious header detected from ::1: x-forwarded-host
Suspicious header detected from ::1: x-forwarded-proto
Suspicious header detected from ::1: x-forwarded-for
 GET /events 200 in 132ms
 ✓ Compiled in 607ms (1416 modules)
Suspicious header detected from ::1: x-forwarded-host
Suspicious header detected from ::1: x-forwarded-proto
Suspicious header detected from ::1: x-forwarded-for
 GET /events 200 in 135ms
Development mode: Allowing curl request to /sports-club
Suspicious header detected from ::1: x-forwarded-host
Suspicious header detected from ::1: x-forwarded-proto
Suspicious header detected from ::1: x-forwarded-for
 HEAD /sports-club 200 in 546ms
LibreTranslate service not available, using mock service
Development mode: Allowing curl request to /events
Suspicious header detected from ::1: x-forwarded-host
Suspicious header detected from ::1: x-forwarded-proto
Suspicious header detected from ::1: x-forwarded-for
 HEAD /events 200 in 204ms
 ✓ Compiled in 804ms (1416 modules)
Suspicious header detected from ::1: x-forwarded-host
Suspicious header detected from ::1: x-forwarded-proto
Suspicious header detected from ::1: x-forwarded-for
 GET /events 200 in 65ms
 ✓ Compiled in 1386ms (1416 modules)
Suspicious header detected from ::1: x-forwarded-host
Suspicious header detected from ::1: x-forwarded-proto
Suspicious header detected from ::1: x-forwarded-for
 GET /events 200 in 230ms
Suspicious header detected from ::1: x-forwarded-host
Suspicious header detected from ::1: x-forwarded-proto
Suspicious header detected from ::1: x-forwarded-for
LibreTranslate service not available, using mock service
Suspicious header detected from ::1: x-forwarded-host
Suspicious header detected from ::1: x-forwarded-proto
Suspicious header detected from ::1: x-forwarded-for
 GET /events 200 in 449ms
Suspicious header detected from ::1: x-forwarded-host
Suspicious header detected from ::1: x-forwarded-proto
Suspicious header detected from ::1: x-forwarded-for
 GET /sports-club 200 in 95ms
Suspicious header detected from ::1: x-forwarded-host
Suspicious header detected from ::1: x-forwarded-proto
Suspicious header detected from ::1: x-forwarded-for
 ○ Compiling /chat ...
 ✓ Compiled /chat in 1158ms (1440 modules)
 GET /chat 200 in 1249ms
Suspicious header detected from ::1: x-forwarded-host
Suspicious header detected from ::1: x-forwarded-proto
Suspicious header detected from ::1: x-forwarded-for
Suspicious header detected from ::1: x-forwarded-host
Suspicious header detected from ::1: x-forwarded-proto
Suspicious header detected from ::1: x-forwarded-for
Suspicious header detected from ::1: x-forwarded-host
Suspicious header detected from ::1: x-forwarded-proto
Suspicious header detected from ::1: x-forwarded-for
 ✓ Compiled /_not-found in 244ms (1441 modules)
LibreTranslate service not available, using mock service
 GET /david-kumar.jpg 404 in 754ms
 GET /sarah-wong.jpg 404 in 765ms
 GET /emily-nguyen.jpg 404 in 753ms
Suspicious header detected from ::1: x-forwarded-host
Suspicious header detected from ::1: x-forwarded-proto
Suspicious header detected from ::1: x-forwarded-for
Suspicious header detected from ::1: x-forwarded-host
Suspicious header detected from ::1: x-forwarded-proto
Suspicious header detected from ::1: x-forwarded-for
Suspicious header detected from ::1: x-forwarded-host
Suspicious header detected from ::1: x-forwarded-proto
Suspicious header detected from ::1: x-forwarded-for
Suspicious header detected from ::1: x-forwarded-host
Suspicious header detected from ::1: x-forwarded-proto
Suspicious header detected from ::1: x-forwarded-for
Suspicious header detected from ::1: x-forwarded-host
Suspicious header detected from ::1: x-forwarded-proto
Suspicious header detected from ::1: x-forwarded-for
Suspicious header detected from ::1: x-forwarded-host
Suspicious header detected from ::1: x-forwarded-proto
Suspicious header detected from ::1: x-forwarded-for
Suspicious header detected from ::1: x-forwarded-host
Suspicious header detected from ::1: x-forwarded-proto
Suspicious header detected from ::1: x-forwarded-for
 ○ Compiling / ...
 ✓ Compiled / in 623ms (1450 modules)
 GET / 200 in 771ms
Suspicious header detected from ::1: x-forwarded-host
Suspicious header detected from ::1: x-forwarded-proto
Suspicious header detected from ::1: x-forwarded-for
Suspicious header detected from ::1: x-forwarded-host
Suspicious header detected from ::1: x-forwarded-proto
Suspicious header detected from ::1: x-forwarded-for
Suspicious header detected from ::1: x-forwarded-host
Suspicious header detected from ::1: x-forwarded-proto
Suspicious header detected from ::1: x-forwarded-for
Suspicious header detected from ::1: x-forwarded-host
Suspicious header detected from ::1: x-forwarded-proto
Suspicious header detected from ::1: x-forwarded-for
Suspicious header detected from ::1: x-forwarded-host
Suspicious header detected from ::1: x-forwarded-proto
Suspicious header detected from ::1: x-forwarded-for
Suspicious header detected from ::1: x-forwarded-host
Suspicious header detected from ::1: x-forwarded-proto
Suspicious header detected from ::1: x-forwarded-for
Suspicious header detected from ::1: x-forwarded-host
Suspicious header detected from ::1: x-forwarded-proto
Suspicious header detected from ::1: x-forwarded-for
Suspicious header detected from ::1: x-forwarded-host
Suspicious header detected from ::1: x-forwarded-proto
Suspicious header detected from ::1: x-forwarded-for
Suspicious header detected from ::1: x-forwarded-host
Suspicious header detected from ::1: x-forwarded-proto
Suspicious header detected from ::1: x-forwarded-for
Suspicious header detected from ::1: x-forwarded-host
Suspicious header detected from ::1: x-forwarded-proto
Suspicious header detected from ::1: x-forwarded-for
Suspicious header detected from ::1: x-forwarded-host
Suspicious header detected from ::1: x-forwarded-proto
Suspicious header detected from ::1: x-forwarded-for
Suspicious header detected from ::1: x-forwarded-host
Suspicious header detected from ::1: x-forwarded-proto
Suspicious header detected from ::1: x-forwarded-for
 GET / 200 in 63ms
Suspicious header detected from ::1: x-forwarded-host
Suspicious header detected from ::1: x-forwarded-proto
Suspicious header detected from ::1: x-forwarded-for
 GET / 200 in 43ms
Suspicious header detected from ::1: x-forwarded-host
Suspicious header detected from ::1: x-forwarded-proto
Suspicious header detected from ::1: x-forwarded-for
 GET / 200 in 62ms
Suspicious header detected from ::1: x-forwarded-host
Suspicious header detected from ::1: x-forwarded-proto
Suspicious header detected from ::1: x-forwarded-for
 GET / 200 in 41ms
Suspicious header detected from ::1: x-forwarded-host
Suspicious header detected from ::1: x-forwarded-proto
Suspicious header detected from ::1: x-forwarded-for
 GET / 200 in 53ms
Suspicious header detected from ::1: x-forwarded-host
Suspicious header detected from ::1: x-forwarded-proto
Suspicious header detected from ::1: x-forwarded-for
 ○ Compiling /feed ...
Suspicious header detected from ::1: x-forwarded-host
Suspicious header detected from ::1: x-forwarded-proto
Suspicious header detected from ::1: x-forwarded-for
 ✓ Compiled /feed in 2.3s (1522 modules)
 GET /feed 200 in 2653ms
 GET / 200 in 655ms
Suspicious header detected from ::1: x-forwarded-host
Suspicious header detected from ::1: x-forwarded-proto
Suspicious header detected from ::1: x-forwarded-for
Suspicious header detected from ::1: x-forwarded-host
Suspicious header detected from ::1: x-forwarded-proto
Suspicious header detected from ::1: x-forwarded-for
 GET /feed 200 in 66ms
 GET / 200 in 66ms
Suspicious header detected from ::1: x-forwarded-host
Suspicious header detected from ::1: x-forwarded-proto
Suspicious header detected from ::1: x-forwarded-for
 GET / 200 in 35ms
Suspicious header detected from ::1: x-forwarded-host
Suspicious header detected from ::1: x-forwarded-proto
Suspicious header detected from ::1: x-forwarded-for
 GET / 200 in 53ms
 ✓ Compiled in 1969ms (1498 modules)
Suspicious header detected from ::1: x-forwarded-host
Suspicious header detected from ::1: x-forwarded-proto
Suspicious header detected from ::1: x-forwarded-for
Suspicious header detected from ::1: x-forwarded-host
Suspicious header detected from ::1: x-forwarded-proto
Suspicious header detected from ::1: x-forwarded-for
Suspicious header detected from ::1: x-forwarded-host
Suspicious header detected from ::1: x-forwarded-proto
Suspicious header detected from ::1: x-forwarded-for
Suspicious header detected from ::1: x-forwarded-host
Suspicious header detected from ::1: x-forwarded-proto
Suspicious header detected from ::1: x-forwarded-for
Suspicious header detected from ::1: x-forwarded-host
Suspicious header detected from ::1: x-forwarded-proto
Suspicious header detected from ::1: x-forwarded-for
Suspicious header detected from ::1: x-forwarded-host
Suspicious header detected from ::1: x-forwarded-proto
Suspicious header detected from ::1: x-forwarded-for
Suspicious header detected from ::1: x-forwarded-host
Suspicious header detected from ::1: x-forwarded-proto
Suspicious header detected from ::1: x-forwarded-for
 GET / 200 in 194ms
 ✓ Compiled in 762ms (1498 modules)
Suspicious header detected from ::1: x-forwarded-host
Suspicious header detected from ::1: x-forwarded-proto
Suspicious header detected from ::1: x-forwarded-for
Suspicious header detected from ::1: x-forwarded-host
Suspicious header detected from ::1: x-forwarded-proto
Suspicious header detected from ::1: x-forwarded-for
Suspicious header detected from ::1: x-forwarded-host
Suspicious header detected from ::1: x-forwarded-proto
Suspicious header detected from ::1: x-forwarded-for
Suspicious header detected from ::1: x-forwarded-host
Suspicious header detected from ::1: x-forwarded-proto
Suspicious header detected from ::1: x-forwarded-for
Suspicious header detected from ::1: x-forwarded-host
Suspicious header detected from ::1: x-forwarded-proto
Suspicious header detected from ::1: x-forwarded-for
Suspicious header detected from ::1: x-forwarded-host
Suspicious header detected from ::1: x-forwarded-proto
Suspicious header detected from ::1: x-forwarded-for
Suspicious header detected from ::1: x-forwarded-host
Suspicious header detected from ::1: x-forwarded-proto
Suspicious header detected from ::1: x-forwarded-for
 GET / 200 in 142ms
 ✓ Compiled in 1114ms (1498 modules)
Suspicious header detected from ::1: x-forwarded-host
Suspicious header detected from ::1: x-forwarded-proto
Suspicious header detected from ::1: x-forwarded-for
Suspicious header detected from ::1: x-forwarded-host
Suspicious header detected from ::1: x-forwarded-proto
Suspicious header detected from ::1: x-forwarded-for
Suspicious header detected from ::1: x-forwarded-host
Suspicious header detected from ::1: x-forwarded-proto
Suspicious header detected from ::1: x-forwarded-for
Suspicious header detected from ::1: x-forwarded-host
Suspicious header detected from ::1: x-forwarded-proto
Suspicious header detected from ::1: x-forwarded-for
Suspicious header detected from ::1: x-forwarded-host
Suspicious header detected from ::1: x-forwarded-proto
Suspicious header detected from ::1: x-forwarded-for
Suspicious header detected from ::1: x-forwarded-host
Suspicious header detected from ::1: x-forwarded-proto
Suspicious header detected from ::1: x-forwarded-for
 ○ Compiling /_not-found ...
 ✓ Compiled /_not-found in 606ms (804 modules)
LibreTranslate service not available, using mock service
 GET /testimonial-2.jpg 404 in 2152ms
 GET /testimonial-1.jpg 404 in 2190ms
 GET /testimonial-3.jpg 404 in 2153ms
 GET / 200 in 2194ms
Suspicious header detected from ::1: x-forwarded-host
Suspicious header detected from ::1: x-forwarded-proto
Suspicious header detected from ::1: x-forwarded-for
Suspicious header detected from ::1: x-forwarded-host
Suspicious header detected from ::1: x-forwarded-proto
Suspicious header detected from ::1: x-forwarded-for
Suspicious header detected from ::1: x-forwarded-host
Suspicious header detected from ::1: x-forwarded-proto
Suspicious header detected from ::1: x-forwarded-for
Suspicious header detected from ::1: x-forwarded-host
Suspicious header detected from ::1: x-forwarded-proto
Suspicious header detected from ::1: x-forwarded-for
 ✓ Compiled in 1262ms (1499 modules)
Suspicious header detected from ::1: x-forwarded-host
Suspicious header detected from ::1: x-forwarded-proto
Suspicious header detected from ::1: x-forwarded-for
 ⚠ Fast Refresh had to perform a full reload due to a runtime error.
Suspicious header detected from ::1: x-forwarded-host
Suspicious header detected from ::1: x-forwarded-proto
Suspicious header detected from ::1: x-forwarded-for
 GET / 200 in 564ms
 ⨯ ReferenceError: Input is not defined
    at HomePage (app/page.tsx:1743:18)
  1741 |               <p className="text-gray-300 mb-6">Get the latest startup news, events, and opportunities delivered to your inbox.</p>
  1742 |               <div className="flex flex-col sm:flex-row gap-4 max-w-md mx-auto">
> 1743 |                 <Input 
       |                  ^
  1744 |                   placeholder="Enter your email" 
  1745 |                   className="bg-gray-800 border-gray-600 text-white placeholder-gray-400"
  1746 |                 /> {
  digest: '3621993684'
}
LibreTranslate service not available, using mock service
 GET / 500 in 557ms
Suspicious header detected from ::1: x-forwarded-host
Suspicious header detected from ::1: x-forwarded-proto
Suspicious header detected from ::1: x-forwarded-for
 ✓ Compiled in 580ms (695 modules)
 ⚠ Fast Refresh had to perform a full reload due to a runtime error.
Suspicious header detected from ::1: x-forwarded-host
Suspicious header detected from ::1: x-forwarded-proto
Suspicious header detected from ::1: x-forwarded-for
 ⨯ ReferenceError: Input is not defined
    at HomePage (app/page.tsx:1743:18)
  1741 |               <p className="text-gray-300 mb-6">Get the latest startup news, events, and opportunities delivered to your inbox.</p>
  1742 |               <div className="flex flex-col sm:flex-row gap-4 max-w-md mx-auto">
> 1743 |                 <Input 
       |                  ^
  1744 |                   placeholder="Enter your email" 
  1745 |                   className="bg-gray-800 border-gray-600 text-white placeholder-gray-400"
  1746 |                 /> {
  digest: '3621993684'
}
 GET / 500 in 294ms
Suspicious header detected from ::1: x-forwarded-host
Suspicious header detected from ::1: x-forwarded-proto
Suspicious header detected from ::1: x-forwarded-for
 ⚠ Fast Refresh had to perform a full reload due to a runtime error.
Suspicious header detected from ::1: x-forwarded-host
Suspicious header detected from ::1: x-forwarded-proto
Suspicious header detected from ::1: x-forwarded-for
 ✓ Compiled in 1144ms (1498 modules)
 ⨯ ReferenceError: Input is not defined
    at HomePage (app/page.tsx:1743:18)
  1741 |               <p className="text-gray-300 mb-6">Get the latest startup news, events, and opportunities delivered to your inbox.</p>
  1742 |               <div className="flex flex-col sm:flex-row gap-4 max-w-md mx-auto">
> 1743 |                 <Input 
       |                  ^
  1744 |                   placeholder="Enter your email" 
  1745 |                   className="bg-gray-800 border-gray-600 text-white placeholder-gray-400"
  1746 |                 /> {
  digest: '3621993684'
}
LibreTranslate service not available, using mock service
 GET / 500 in 1089ms
Suspicious header detected from ::1: x-forwarded-host
Suspicious header detected from ::1: x-forwarded-proto
Suspicious header detected from ::1: x-forwarded-for
 ✓ Compiled in 852ms (695 modules)
Suspicious header detected from ::1: x-forwarded-host
Suspicious header detected from ::1: x-forwarded-proto
Suspicious header detected from ::1: x-forwarded-for
 ⚠ Fast Refresh had to perform a full reload due to a runtime error.
 ⨯ ReferenceError: Input is not defined
    at HomePage (app/page.tsx:1743:18)
  1741 |               <p className="text-gray-300 mb-6">Get the latest startup news, events, and opportunities delivered to your inbox.</p>
  1742 |               <div className="flex flex-col sm:flex-row gap-4 max-w-md mx-auto">
> 1743 |                 <Input 
       |                  ^
  1744 |                   placeholder="Enter your email" 
  1745 |                   className="bg-gray-800 border-gray-600 text-white placeholder-gray-400"
  1746 |                 /> {
  digest: '3621993684'
}
 GET / 500 in 265ms
Suspicious header detected from ::1: x-forwarded-host
Suspicious header detected from ::1: x-forwarded-proto
Suspicious header detected from ::1: x-forwarded-for
Suspicious header detected from ::1: x-forwarded-host
Suspicious header detected from ::1: x-forwarded-proto
Suspicious header detected from ::1: x-forwarded-for
 ⚠ Fast Refresh had to perform a full reload due to a runtime error.
 GET / 200 in 653ms
Suspicious header detected from ::1: x-forwarded-host
Suspicious header detected from ::1: x-forwarded-proto
Suspicious header detected from ::1: x-forwarded-for
 ⚠ Fast Refresh had to perform a full reload due to a runtime error.
 ✓ Compiled in 2.6s (1612 modules)
 ⨯ ReferenceError: Input is not defined
    at HomePage (app/page.tsx:1743:18)
  1741 |               <p className="text-gray-300 mb-6">Get the latest startup news, events, and opportunities delivered to your inbox.</p>
  1742 |               <div className="flex flex-col sm:flex-row gap-4 max-w-md mx-auto">
> 1743 |                 <Input 
       |                  ^
  1744 |                   placeholder="Enter your email" 
  1745 |                   className="bg-gray-800 border-gray-600 text-white placeholder-gray-400"
  1746 |                 /> {
  digest: '3621993684'
}
LibreTranslate service not available, using mock service
Suspicious header detected from ::1: x-forwarded-host
Suspicious header detected from ::1: x-forwarded-proto
Suspicious header detected from ::1: x-forwarded-for
 GET / 500 in 1969ms
 ✓ Compiled in 1057ms (695 modules)
 ⚠ Fast Refresh had to perform a full reload due to a runtime error.
Suspicious header detected from ::1: x-forwarded-host
Suspicious header detected from ::1: x-forwarded-proto
Suspicious header detected from ::1: x-forwarded-for
 ⨯ ReferenceError: Input is not defined
    at HomePage (app/page.tsx:1743:18)
  1741 |               <p className="text-gray-300 mb-6">Get the latest startup news, events, and opportunities delivered to your inbox.</p>
  1742 |               <div className="flex flex-col sm:flex-row gap-4 max-w-md mx-auto">
> 1743 |                 <Input 
       |                  ^
  1744 |                   placeholder="Enter your email" 
  1745 |                   className="bg-gray-800 border-gray-600 text-white placeholder-gray-400"
  1746 |                 /> {
  digest: '3621993684'
}
 GET / 500 in 275ms
Suspicious header detected from ::1: x-forwarded-host
Suspicious header detected from ::1: x-forwarded-proto
Suspicious header detected from ::1: x-forwarded-for
 ✓ Compiled in 547ms (695 modules)
Suspicious header detected from ::1: x-forwarded-host
Suspicious header detected from ::1: x-forwarded-proto
Suspicious header detected from ::1: x-forwarded-for
 ⚠ Fast Refresh had to perform a full reload due to a runtime error.
 ⨯ ReferenceError: Input is not defined
    at HomePage (app/page.tsx:1743:18)
  1741 |               <p className="text-gray-300 mb-6">Get the latest startup news, events, and opportunities delivered to your inbox.</p>
  1742 |               <div className="flex flex-col sm:flex-row gap-4 max-w-md mx-auto">
> 1743 |                 <Input 
       |                  ^
  1744 |                   placeholder="Enter your email" 
  1745 |                   className="bg-gray-800 border-gray-600 text-white placeholder-gray-400"
  1746 |                 /> {
  digest: '3621993684'
}
 GET / 500 in 355ms
Suspicious header detected from ::1: x-forwarded-host
Suspicious header detected from ::1: x-forwarded-proto
Suspicious header detected from ::1: x-forwarded-for
Development mode: Allowing curl request to /
Suspicious header detected from ::1: x-forwarded-host
Suspicious header detected from ::1: x-forwarded-proto
Suspicious header detected from ::1: x-forwarded-for
 ⨯ ReferenceError: Input is not defined
    at HomePage (app/page.tsx:1743:18)
  1741 |               <p className="text-gray-300 mb-6">Get the latest startup news, events, and opportunities delivered to your inbox.</p>
  1742 |               <div className="flex flex-col sm:flex-row gap-4 max-w-md mx-auto">
> 1743 |                 <Input 
       |                  ^
  1744 |                   placeholder="Enter your email" 
  1745 |                   className="bg-gray-800 border-gray-600 text-white placeholder-gray-400"
  1746 |                 /> {
  digest: '3621993684'
}
 HEAD / 500 in 348ms
 ⚠ Fast Refresh had to perform a full reload due to a runtime error.
 ✓ Compiled in 1394ms (1498 modules)
Suspicious header detected from ::1: x-forwarded-host
Suspicious header detected from ::1: x-forwarded-proto
Suspicious header detected from ::1: x-forwarded-for
LibreTranslate service not available, using mock service
Suspicious header detected from ::1: x-forwarded-host
Suspicious header detected from ::1: x-forwarded-proto
Suspicious header detected from ::1: x-forwarded-for
Suspicious header detected from ::1: x-forwarded-host
Suspicious header detected from ::1: x-forwarded-proto
Suspicious header detected from ::1: x-forwarded-for
Suspicious header detected from ::1: x-forwarded-host
Suspicious header detected from ::1: x-forwarded-proto
Suspicious header detected from ::1: x-forwarded-for
 GET / 200 in 873ms
Suspicious header detected from ::1: x-forwarded-host
Suspicious header detected from ::1: x-forwarded-proto
Suspicious header detected from ::1: x-forwarded-for
Suspicious header detected from ::1: x-forwarded-host
Suspicious header detected from ::1: x-forwarded-proto
Suspicious header detected from ::1: x-forwarded-for
Suspicious header detected from ::1: x-forwarded-host
Suspicious header detected from ::1: x-forwarded-proto
Suspicious header detected from ::1: x-forwarded-for
Suspicious header detected from ::1: x-forwarded-host
Suspicious header detected from ::1: x-forwarded-proto
Suspicious header detected from ::1: x-forwarded-for
Suspicious header detected from ::1: x-forwarded-host
Suspicious header detected from ::1: x-forwarded-proto
Suspicious header detected from ::1: x-forwarded-for
Suspicious header detected from ::1: x-forwarded-host
Suspicious header detected from ::1: x-forwarded-proto
Suspicious header detected from ::1: x-forwarded-for
Suspicious header detected from ::1: x-forwarded-host
Suspicious header detected from ::1: x-forwarded-proto
Suspicious header detected from ::1: x-forwarded-for
Development mode: Allowing curl request to /
Suspicious header detected from ::1: x-forwarded-host
Suspicious header detected from ::1: x-forwarded-proto
Suspicious header detected from ::1: x-forwarded-for
 HEAD / 200 in 361ms
Suspicious header detected from ::1: x-forwarded-host
Suspicious header detected from ::1: x-forwarded-proto
Suspicious header detected from ::1: x-forwarded-for
Suspicious header detected from ::1: x-forwarded-host
Suspicious header detected from ::1: x-forwarded-proto
Suspicious header detected from ::1: x-forwarded-for
Suspicious header detected from ::1: x-forwarded-host
Suspicious header detected from ::1: x-forwarded-proto
Suspicious header detected from ::1: x-forwarded-for
 ○ Compiling /_not-found ...
 ✓ Compiled /_not-found in 945ms (804 modules)
LibreTranslate service not available, using mock service
 GET /testimonial-3.jpg 404 in 1431ms
 GET /testimonial-1.jpg 404 in 1450ms
 GET /testimonial-2.jpg 404 in 1430ms
Suspicious header detected from ::1: x-forwarded-host
Suspicious header detected from ::1: x-forwarded-proto
Suspicious header detected from ::1: x-forwarded-for
Suspicious header detected from ::1: x-forwarded-host
Suspicious header detected from ::1: x-forwarded-proto
Suspicious header detected from ::1: x-forwarded-for
Suspicious header detected from ::1: x-forwarded-host
Suspicious header detected from ::1: x-forwarded-proto
Suspicious header detected from ::1: x-forwarded-for
Development mode: Allowing curl request to /news
Suspicious header detected from ::1: x-forwarded-host
Suspicious header detected from ::1: x-forwarded-proto
Suspicious header detected from ::1: x-forwarded-for
 ○ Compiling /news ...
 ✓ Compiled /news in 978ms (1495 modules)
 HEAD /news 200 in 1460ms
LibreTranslate service not available, using mock service
Development mode: Allowing curl request to /testimonials
Suspicious header detected from ::1: x-forwarded-host
Suspicious header detected from ::1: x-forwarded-proto
Suspicious header detected from ::1: x-forwarded-for
 ○ Compiling /testimonials ...
 ✓ Compiled /testimonials in 624ms (1508 modules)
 HEAD /testimonials 200 in 955ms
LibreTranslate service not available, using mock service
Development mode: Allowing curl request to /about
Suspicious header detected from ::1: x-forwarded-host
Suspicious header detected from ::1: x-forwarded-proto
Suspicious header detected from ::1: x-forwarded-for
 ✓ Compiled /about in 417ms (1517 modules)
 HEAD /about 200 in 740ms
LibreTranslate service not available, using mock service
Development mode: Allowing curl request to /contact
Suspicious header detected from ::1: x-forwarded-host
Suspicious header detected from ::1: x-forwarded-proto
Suspicious header detected from ::1: x-forwarded-for
 ○ Compiling /contact ...
 ✓ Compiled /contact in 627ms (1526 modules)
 HEAD /contact 200 in 892ms
LibreTranslate service not available, using mock service
 ✓ Compiled in 1680ms (709 modules)
Suspicious header detected from ::1: x-forwarded-host
Suspicious header detected from ::1: x-forwarded-proto
Suspicious header detected from ::1: x-forwarded-for
 GET / 200 in 76ms
Suspicious header detected from ::1: x-forwarded-host
Suspicious header detected from ::1: x-forwarded-proto
Suspicious header detected from ::1: x-forwarded-for
 GET / 200 in 923ms
 ✓ Compiled in 2.2s (1626 modules)
Development mode: Allowing curl request to /faq
Suspicious header detected from ::1: x-forwarded-host
Suspicious header detected from ::1: x-forwarded-proto
Suspicious header detected from ::1: x-forwarded-for
 ○ Compiling /faq ...
 ✓ Compiled /faq in 1005ms (1507 modules)
 HEAD /faq 200 in 1402ms
LibreTranslate service not available, using mock service
Development mode: Allowing curl request to /team
Suspicious header detected from ::1: x-forwarded-host
Suspicious header detected from ::1: x-forwarded-proto
Suspicious header detected from ::1: x-forwarded-for
 ○ Compiling /team ...
 ✓ Compiled /team in 525ms (1520 modules)
 HEAD /team 200 in 1033ms
LibreTranslate service not available, using mock service
Development mode: Allowing curl request to /
Suspicious header detected from ::1: x-forwarded-host
Suspicious header detected from ::1: x-forwarded-proto
Suspicious header detected from ::1: x-forwarded-for
 HEAD / 200 in 265ms
 ✓ Compiled in 1338ms (1534 modules)
 ✓ Compiled in 2.2s (1534 modules)
Suspicious header detected from ::1: x-forwarded-host
Suspicious header detected from ::1: x-forwarded-proto
Suspicious header detected from ::1: x-forwarded-for
 ○ Compiling /_not-found ...
 ✓ Compiled /_not-found in 767ms (818 modules)
 GET /accelerator 404 in 832ms
Suspicious header detected from ::1: x-forwarded-host
Suspicious header detected from ::1: x-forwarded-proto
Suspicious header detected from ::1: x-forwarded-for
Suspicious header detected from ::1: x-forwarded-host
Suspicious header detected from ::1: x-forwarded-proto
Suspicious header detected from ::1: x-forwarded-for
LibreTranslate service not available, using mock service
 GET /accelerator 404 in 230ms
Suspicious header detected from ::1: x-forwarded-host
Suspicious header detected from ::1: x-forwarded-proto
Suspicious header detected from ::1: x-forwarded-for
Suspicious header detected from ::1: x-forwarded-host
Suspicious header detected from ::1: x-forwarded-proto
Suspicious header detected from ::1: x-forwarded-for
 GET /accelerator 404 in 254ms
Suspicious header detected from ::1: x-forwarded-host
Suspicious header detected from ::1: x-forwarded-proto
Suspicious header detected from ::1: x-forwarded-for
 GET / 200 in 319ms
Suspicious header detected from ::1: x-forwarded-host
Suspicious header detected from ::1: x-forwarded-proto
Suspicious header detected from ::1: x-forwarded-for
Suspicious header detected from ::1: x-forwarded-host
Suspicious header detected from ::1: x-forwarded-proto
Suspicious header detected from ::1: x-forwarded-for
Suspicious header detected from ::1: x-forwarded-host
Suspicious header detected from ::1: x-forwarded-proto
Suspicious header detected from ::1: x-forwarded-for
Suspicious header detected from ::1: x-forwarded-host
Suspicious header detected from ::1: x-forwarded-proto
Suspicious header detected from ::1: x-forwarded-for
Suspicious header detected from ::1: x-forwarded-host
Suspicious header detected from ::1: x-forwarded-proto
Suspicious header detected from ::1: x-forwarded-for
Suspicious header detected from ::1: x-forwarded-host
Suspicious header detected from ::1: x-forwarded-proto
Suspicious header detected from ::1: x-forwarded-for
Suspicious header detected from ::1: x-forwarded-host
Suspicious header detected from ::1: x-forwarded-proto
Suspicious header detected from ::1: x-forwarded-for
Suspicious header detected from ::1: x-forwarded-host
Suspicious header detected from ::1: x-forwarded-proto
Suspicious header detected from ::1: x-forwarded-for
Suspicious header detected from ::1: x-forwarded-host
Suspicious header detected from ::1: x-forwarded-proto
Suspicious header detected from ::1: x-forwarded-for
Suspicious header detected from ::1: x-forwarded-host
Suspicious header detected from ::1: x-forwarded-proto
Suspicious header detected from ::1: x-forwarded-for
Suspicious header detected from ::1: x-forwarded-host
Suspicious header detected from ::1: x-forwarded-proto
Suspicious header detected from ::1: x-forwarded-for
Suspicious header detected from ::1: x-forwarded-host
Suspicious header detected from ::1: x-forwarded-proto
Suspicious header detected from ::1: x-forwarded-for
Suspicious header detected from ::1: x-forwarded-host
Suspicious header detected from ::1: x-forwarded-proto
Suspicious header detected from ::1: x-forwarded-for
Suspicious header detected from ::1: x-forwarded-host
Suspicious header detected from ::1: x-forwarded-proto
Suspicious header detected from ::1: x-forwarded-for
Suspicious header detected from ::1: x-forwarded-host
Suspicious header detected from ::1: x-forwarded-proto
Suspicious header detected from ::1: x-forwarded-for
Suspicious header detected from ::1: x-forwarded-host
Suspicious header detected from ::1: x-forwarded-proto
Suspicious header detected from ::1: x-forwarded-for
 GET /testimonial-1.jpg 404 in 282ms
 GET /testimonial-3.jpg 404 in 279ms
 GET /testimonial-2.jpg 404 in 277ms
Suspicious header detected from ::1: x-forwarded-host
Suspicious header detected from ::1: x-forwarded-proto
Suspicious header detected from ::1: x-forwarded-for
 ✓ Compiled in 3.1s (1520 modules)
Suspicious header detected from ::1: x-forwarded-host
Suspicious header detected from ::1: x-forwarded-proto
Suspicious header detected from ::1: x-forwarded-for
 GET / 200 in 1289ms
 ✓ Compiled in 2.5s (1520 modules)
Suspicious header detected from ::1: x-forwarded-host
Suspicious header detected from ::1: x-forwarded-proto
Suspicious header detected from ::1: x-forwarded-for
 GET / 200 in 130ms
 ✓ Compiled in 688ms (1520 modules)
Suspicious header detected from ::1: x-forwarded-host
Suspicious header detected from ::1: x-forwarded-proto
Suspicious header detected from ::1: x-forwarded-for
 GET / 200 in 154ms
 ✓ Compiled in 1150ms (1520 modules)
Suspicious header detected from ::1: x-forwarded-host
Suspicious header detected from ::1: x-forwarded-proto
Suspicious header detected from ::1: x-forwarded-for
 GET / 200 in 98ms
 ✓ Compiled in 497ms (717 modules)
Suspicious header detected from ::1: x-forwarded-host
Suspicious header detected from ::1: x-forwarded-proto
Suspicious header detected from ::1: x-forwarded-for
 GET / 200 in 56ms
 ✓ Compiled in 978ms (717 modules)
Suspicious header detected from ::1: x-forwarded-host
Suspicious header detected from ::1: x-forwarded-proto
Suspicious header detected from ::1: x-forwarded-for
 GET / 200 in 53ms
 ✓ Compiled in 1166ms (717 modules)
Suspicious header detected from ::1: x-forwarded-host
Suspicious header detected from ::1: x-forwarded-proto
Suspicious header detected from ::1: x-forwarded-for
 GET / 200 in 63ms
 ✓ Compiled in 1760ms (1520 modules)
Suspicious header detected from ::1: x-forwarded-host
Suspicious header detected from ::1: x-forwarded-proto
Suspicious header detected from ::1: x-forwarded-for
 GET / 200 in 193ms
 ✓ Compiled in 1074ms (717 modules)
Suspicious header detected from ::1: x-forwarded-host
Suspicious header detected from ::1: x-forwarded-proto
Suspicious header detected from ::1: x-forwarded-for
 GET / 200 in 72ms
 ✓ Compiled in 680ms (717 modules)
Suspicious header detected from ::1: x-forwarded-host
Suspicious header detected from ::1: x-forwarded-proto
Suspicious header detected from ::1: x-forwarded-for
 GET / 200 in 51ms
 ✓ Compiled in 1434ms (717 modules)
Suspicious header detected from ::1: x-forwarded-host
Suspicious header detected from ::1: x-forwarded-proto
Suspicious header detected from ::1: x-forwarded-for
 GET / 200 in 49ms
 ✓ Compiled in 1198ms (717 modules)
Suspicious header detected from ::1: x-forwarded-host
Suspicious header detected from ::1: x-forwarded-proto
Suspicious header detected from ::1: x-forwarded-for
 GET / 200 in 47ms
Development mode: Allowing curl request to /startup-school
Suspicious header detected from ::1: x-forwarded-host
Suspicious header detected from ::1: x-forwarded-proto
Suspicious header detected from ::1: x-forwarded-for
 ○ Compiling /startup-school ...
 ✓ Compiled /startup-school in 969ms (1515 modules)
 HEAD /startup-school 200 in 1532ms
LibreTranslate service not available, using mock service
Development mode: Allowing curl request to /resources
Suspicious header detected from ::1: x-forwarded-host
Suspicious header detected from ::1: x-forwarded-proto
Suspicious header detected from ::1: x-forwarded-for
 ○ Compiling /resources ...
 ✓ Compiled /resources in 567ms (1524 modules)
 HEAD /resources 200 in 1032ms
LibreTranslate service not available, using mock service
Development mode: Allowing curl request to /blog
Suspicious header detected from ::1: x-forwarded-host
Suspicious header detected from ::1: x-forwarded-proto
Suspicious header detected from ::1: x-forwarded-for
 ○ Compiling /blog ...
 ✓ Compiled /blog in 1323ms (1537 modules)
 HEAD /blog 200 in 1809ms
LibreTranslate service not available, using mock service
Development mode: Allowing curl request to /
Suspicious header detected from ::1: x-forwarded-host
Suspicious header detected from ::1: x-forwarded-proto
Suspicious header detected from ::1: x-forwarded-for
 HEAD / 200 in 1025ms
